2025-08-20 23:37:57:3757 [33mwarn[39m: [33mTensorFlow.js model not found, will use Python subprocess for inference[39m
2025-08-20 23:37:57:3757 [31merror[39m: [31mFailed to load fallback data: ENOENT: no such file or directory, open '/Users/mullamabusubhani/Downloads/Sateesh proj/Traffic-Prediction-project/Backend/data/fallback_predictions.json'[39m
2025-08-20 23:37:57:3757 [33mwarn[39m: [33mOpenWeatherMap API key not set. Weather data will be simulated.[39m
2025-08-20 23:37:57:3757 [32minfo[39m: [32mRoute Optimization Service initialized[39m
2025-08-20 23:37:57:3757 [33mwarn[39m: [33mTensorFlow.js model not found, will use Python subprocess for inference[39m
2025-08-20 23:37:57:3757 [31merror[39m: [31mFailed to load fallback data: ENOENT: no such file or directory, open '/Users/mullamabusubhani/Downloads/Sateesh proj/Traffic-Prediction-project/Backend/data/fallback_predictions.json'[39m
2025-08-20 23:37:57:3757 [33mwarn[39m: [33mOpenWeatherMap API key not set. Weather data will be simulated.[39m
2025-08-20 23:37:57:3757 [32minfo[39m: [32mInitializing ML models...[39m
2025-08-20 23:37:57:3757 [32minfo[39m: [32mDevelopment mode: Models would be loaded in production[39m
2025-08-20 23:37:57:3757 [32minfo[39m: [32mML models initialized successfully[39m
2025-08-20 23:42:58:4258 [33mwarn[39m: [33mTensorFlow.js model not found, will use Python subprocess for inference[39m
2025-08-20 23:42:58:4258 [31merror[39m: [31mFailed to load fallback data: ENOENT: no such file or directory, open '/Users/mullamabusubhani/Downloads/Sateesh proj/Traffic-Prediction-project/Backend/data/fallback_predictions.json'[39m
2025-08-20 23:42:58:4258 [33mwarn[39m: [33mOpenWeatherMap API key not set. Weather data will be simulated.[39m
2025-08-20 23:42:58:4258 [32minfo[39m: [32mRoute Optimization Service initialized[39m
2025-08-20 23:42:58:4258 [33mwarn[39m: [33mTensorFlow.js model not found, will use Python subprocess for inference[39m
2025-08-20 23:42:58:4258 [31merror[39m: [31mFailed to load fallback data: ENOENT: no such file or directory, open '/Users/mullamabusubhani/Downloads/Sateesh proj/Traffic-Prediction-project/Backend/data/fallback_predictions.json'[39m
2025-08-20 23:42:58:4258 [33mwarn[39m: [33mOpenWeatherMap API key not set. Weather data will be simulated.[39m
2025-08-20 23:42:59:4259 [32minfo[39m: [32mInitializing ML models...[39m
2025-08-20 23:42:59:4259 [32minfo[39m: [32mDevelopment mode: Models would be loaded in production[39m
2025-08-20 23:42:59:4259 [32minfo[39m: [32mML models initialized successfully[39m
2025-08-20 23:43:20:4320 [33mwarn[39m: [33mTensorFlow.js model not found, will use Python subprocess for inference[39m
2025-08-20 23:43:20:4320 [31merror[39m: [31mFailed to load fallback data: ENOENT: no such file or directory, open '/Users/mullamabusubhani/Downloads/Sateesh proj/Traffic-Prediction-project/Backend/data/fallback_predictions.json'[39m
2025-08-20 23:43:20:4320 [33mwarn[39m: [33mOpenWeatherMap API key not set. Weather data will be simulated.[39m
2025-08-20 23:43:20:4320 [32minfo[39m: [32mRoute Optimization Service initialized[39m
2025-08-20 23:43:20:4320 [33mwarn[39m: [33mTensorFlow.js model not found, will use Python subprocess for inference[39m
2025-08-20 23:43:20:4320 [31merror[39m: [31mFailed to load fallback data: ENOENT: no such file or directory, open '/Users/mullamabusubhani/Downloads/Sateesh proj/Traffic-Prediction-project/Backend/data/fallback_predictions.json'[39m
2025-08-20 23:43:20:4320 [33mwarn[39m: [33mOpenWeatherMap API key not set. Weather data will be simulated.[39m
2025-08-20 23:43:20:4320 [32minfo[39m: [32mInitializing ML models...[39m
2025-08-20 23:43:20:4320 [32minfo[39m: [32mDevelopment mode: Models would be loaded in production[39m
2025-08-20 23:43:20:4320 [32minfo[39m: [32mML models initialized successfully[39m
2025-08-20 23:43:29:4329 [33mwarn[39m: [33mTensorFlow.js model not found, will use Python subprocess for inference[39m
2025-08-20 23:43:29:4329 [31merror[39m: [31mFailed to load fallback data: ENOENT: no such file or directory, open '/Users/mullamabusubhani/Downloads/Sateesh proj/Traffic-Prediction-project/Backend/data/fallback_predictions.json'[39m
2025-08-20 23:43:29:4329 [33mwarn[39m: [33mOpenWeatherMap API key not set. Weather data will be simulated.[39m
2025-08-20 23:43:30:4330 [32minfo[39m: [32mRoute Optimization Service initialized[39m
2025-08-20 23:43:30:4330 [33mwarn[39m: [33mTensorFlow.js model not found, will use Python subprocess for inference[39m
2025-08-20 23:43:30:4330 [31merror[39m: [31mFailed to load fallback data: ENOENT: no such file or directory, open '/Users/mullamabusubhani/Downloads/Sateesh proj/Traffic-Prediction-project/Backend/data/fallback_predictions.json'[39m
2025-08-20 23:43:30:4330 [33mwarn[39m: [33mOpenWeatherMap API key not set. Weather data will be simulated.[39m
2025-08-20 23:43:30:4330 [32minfo[39m: [32mInitializing ML models...[39m
2025-08-20 23:43:30:4330 [32minfo[39m: [32mDevelopment mode: Models would be loaded in production[39m
2025-08-20 23:43:30:4330 [32minfo[39m: [32mML models initialized successfully[39m
2025-08-20 23:45:35:4535 [33mwarn[39m: [33mTensorFlow.js model not found, will use Python subprocess for inference[39m
2025-08-20 23:45:35:4535 [31merror[39m: [31mFailed to load fallback data: ENOENT: no such file or directory, open '/Users/mullamabusubhani/Downloads/Sateesh proj/Traffic-Prediction-project/Backend/data/fallback_predictions.json'[39m
2025-08-20 23:45:35:4535 [33mwarn[39m: [33mOpenWeatherMap API key not set. Weather data will be simulated.[39m
2025-08-20 23:45:35:4535 [32minfo[39m: [32mRoute Optimization Service initialized[39m
2025-08-20 23:45:35:4535 [33mwarn[39m: [33mTensorFlow.js model not found, will use Python subprocess for inference[39m
2025-08-20 23:45:35:4535 [31merror[39m: [31mFailed to load fallback data: ENOENT: no such file or directory, open '/Users/mullamabusubhani/Downloads/Sateesh proj/Traffic-Prediction-project/Backend/data/fallback_predictions.json'[39m
2025-08-20 23:45:35:4535 [33mwarn[39m: [33mOpenWeatherMap API key not set. Weather data will be simulated.[39m
2025-08-20 23:45:35:4535 [32minfo[39m: [32mInitializing ML models...[39m
2025-08-20 23:45:35:4535 [32minfo[39m: [32mDevelopment mode: Models would be loaded in production[39m
2025-08-20 23:45:35:4535 [32minfo[39m: [32mML models initialized successfully[39m
2025-08-20 23:47:15:4715 [33mwarn[39m: [33mTensorFlow.js model not found, will use Python subprocess for inference[39m
2025-08-20 23:47:15:4715 [31merror[39m: [31mFailed to load fallback data: ENOENT: no such file or directory, open '/Users/mullamabusubhani/Downloads/Sateesh proj/Traffic-Prediction-project/Backend/data/fallback_predictions.json'[39m
2025-08-20 23:47:15:4715 [33mwarn[39m: [33mOpenWeatherMap API key not set. Weather data will be simulated.[39m
2025-08-20 23:47:16:4716 [32minfo[39m: [32mRoute Optimization Service initialized[39m
2025-08-20 23:47:16:4716 [33mwarn[39m: [33mTensorFlow.js model not found, will use Python subprocess for inference[39m
2025-08-20 23:47:16:4716 [31merror[39m: [31mFailed to load fallback data: ENOENT: no such file or directory, open '/Users/mullamabusubhani/Downloads/Sateesh proj/Traffic-Prediction-project/Backend/data/fallback_predictions.json'[39m
2025-08-20 23:47:16:4716 [33mwarn[39m: [33mOpenWeatherMap API key not set. Weather data will be simulated.[39m
2025-08-20 23:47:16:4716 [32minfo[39m: [32mInitializing ML models...[39m
2025-08-20 23:47:16:4716 [32minfo[39m: [32mDevelopment mode: Models would be loaded in production[39m
2025-08-20 23:47:16:4716 [32minfo[39m: [32mML models initialized successfully[39m
2025-08-20 23:47:37:4737 [33mwarn[39m: [33mTensorFlow.js model not found, will use Python subprocess for inference[39m
2025-08-20 23:47:37:4737 [31merror[39m: [31mFailed to load fallback data: ENOENT: no such file or directory, open '/Users/mullamabusubhani/Downloads/Sateesh proj/Traffic-Prediction-project/Backend/data/fallback_predictions.json'[39m
2025-08-20 23:47:37:4737 [33mwarn[39m: [33mOpenWeatherMap API key not set. Weather data will be simulated.[39m
2025-08-20 23:47:39:4739 [32minfo[39m: [32mRoute Optimization Service initialized[39m
2025-08-20 23:47:39:4739 [33mwarn[39m: [33mTensorFlow.js model not found, will use Python subprocess for inference[39m
2025-08-20 23:47:39:4739 [31merror[39m: [31mFailed to load fallback data: ENOENT: no such file or directory, open '/Users/mullamabusubhani/Downloads/Sateesh proj/Traffic-Prediction-project/Backend/data/fallback_predictions.json'[39m
2025-08-20 23:47:39:4739 [33mwarn[39m: [33mOpenWeatherMap API key not set. Weather data will be simulated.[39m
2025-08-20 23:47:39:4739 [32minfo[39m: [32mInitializing ML models...[39m
2025-08-20 23:47:39:4739 [32minfo[39m: [32mDevelopment mode: Models would be loaded in production[39m
2025-08-20 23:47:39:4739 [32minfo[39m: [32mML models initialized successfully[39m
2025-08-20 23:48:56:4856 [33mwarn[39m: [33mTensorFlow.js model not found, will use Python subprocess for inference[39m
2025-08-20 23:48:56:4856 [31merror[39m: [31mFailed to load fallback data: ENOENT: no such file or directory, open '/Users/mullamabusubhani/Downloads/Sateesh proj/Traffic-Prediction-project/Backend/data/fallback_predictions.json'[39m
2025-08-20 23:48:56:4856 [33mwarn[39m: [33mOpenWeatherMap API key not set. Weather data will be simulated.[39m
2025-08-20 23:48:57:4857 [32minfo[39m: [32mRoute Optimization Service initialized[39m
2025-08-20 23:48:57:4857 [33mwarn[39m: [33mTensorFlow.js model not found, will use Python subprocess for inference[39m
2025-08-20 23:48:57:4857 [31merror[39m: [31mFailed to load fallback data: ENOENT: no such file or directory, open '/Users/mullamabusubhani/Downloads/Sateesh proj/Traffic-Prediction-project/Backend/data/fallback_predictions.json'[39m
2025-08-20 23:48:57:4857 [33mwarn[39m: [33mOpenWeatherMap API key not set. Weather data will be simulated.[39m
2025-08-20 23:48:57:4857 [32minfo[39m: [32mInitializing ML models...[39m
2025-08-20 23:48:57:4857 [32minfo[39m: [32mDevelopment mode: Models would be loaded in production[39m
2025-08-20 23:48:57:4857 [32minfo[39m: [32mML models initialized successfully[39m
2025-08-20 23:51:09:519 [33mwarn[39m: [33mTensorFlow.js model not found, will use Python subprocess for inference[39m
2025-08-20 23:51:10:5110 [31merror[39m: [31mFailed to load fallback data: ENOENT: no such file or directory, open '/Users/mullamabusubhani/Downloads/Sateesh proj/Traffic-Prediction-project/Backend/data/fallback_predictions.json'[39m
2025-08-20 23:51:10:5110 [33mwarn[39m: [33mOpenWeatherMap API key not set. Weather data will be simulated.[39m
2025-08-20 23:51:11:5111 [32minfo[39m: [32mRoute Optimization Service initialized[39m
2025-08-20 23:51:11:5111 [33mwarn[39m: [33mTensorFlow.js model not found, will use Python subprocess for inference[39m
2025-08-20 23:51:11:5111 [31merror[39m: [31mFailed to load fallback data: ENOENT: no such file or directory, open '/Users/mullamabusubhani/Downloads/Sateesh proj/Traffic-Prediction-project/Backend/data/fallback_predictions.json'[39m
2025-08-20 23:51:11:5111 [33mwarn[39m: [33mOpenWeatherMap API key not set. Weather data will be simulated.[39m
2025-08-20 23:51:11:5111 [32minfo[39m: [32mInitializing ML models...[39m
2025-08-20 23:51:11:5111 [32minfo[39m: [32mDevelopment mode: Models would be loaded in production[39m
2025-08-20 23:51:11:5111 [32minfo[39m: [32mML models initialized successfully[39m
2025-08-20 23:53:42:5342 [33mwarn[39m: [33mTensorFlow.js model not found, will use Python subprocess for inference[39m
2025-08-20 23:53:42:5342 [31merror[39m: [31mFailed to load fallback data: ENOENT: no such file or directory, open '/Users/mullamabusubhani/Downloads/Sateesh proj/Traffic-Prediction-project/Backend/data/fallback_predictions.json'[39m
2025-08-20 23:53:42:5342 [33mwarn[39m: [33mOpenWeatherMap API key not set. Weather data will be simulated.[39m
2025-08-20 23:53:43:5343 [32minfo[39m: [32mRoute Optimization Service initialized[39m
2025-08-20 23:53:43:5343 [33mwarn[39m: [33mTensorFlow.js model not found, will use Python subprocess for inference[39m
2025-08-20 23:53:43:5343 [31merror[39m: [31mFailed to load fallback data: ENOENT: no such file or directory, open '/Users/mullamabusubhani/Downloads/Sateesh proj/Traffic-Prediction-project/Backend/data/fallback_predictions.json'[39m
2025-08-20 23:53:43:5343 [33mwarn[39m: [33mOpenWeatherMap API key not set. Weather data will be simulated.[39m
2025-08-20 23:53:43:5343 [32minfo[39m: [32mInitializing ML models...[39m
2025-08-20 23:53:43:5343 [32minfo[39m: [32mDevelopment mode: Models would be loaded in production[39m
2025-08-20 23:53:43:5343 [32minfo[39m: [32mML models initialized successfully[39m
2025-08-21 00:25:45:2545 [32minfo[39m: [32mTrafficAI: Spatial index initialized[39m
2025-08-21 00:25:45:2545 [32minfo[39m: [32mTrafficAI: Spatial index initialized[39m
2025-08-21 00:25:45:2545 [32minfo[39m: [32mTrafficAI: Spatial index initialized[39m
2025-08-21 00:25:45:2545 [32minfo[39m: [32mPrediction models initialized[39m
2025-08-21 00:25:45:2545 [32minfo[39m: [32mReal-time prediction updates started[39m
2025-08-21 00:25:45:2545 [32minfo[39m: [32mEnhanced Traffic Prediction Service initialized with advanced algorithms[39m
2025-08-21 00:25:45:2545 [33mwarn[39m: [33mTensorFlow.js model not found, will use Python subprocess for inference[39m
2025-08-21 00:25:45:2545 [31merror[39m: [31mFailed to load fallback data: ENOENT: no such file or directory, open '/Users/mullamabusubhani/Downloads/Sateesh proj/Traffic-Prediction-project/Backend/data/fallback_predictions.json'[39m
2025-08-21 00:25:45:2545 [33mwarn[39m: [33mOpenWeatherMap API key not set. Weather data will be simulated.[39m
2025-08-21 00:25:45:2545 [32minfo[39m: [32mTrafficAI: Route graph initialized with 7 nodes and 14 edges[39m
2025-08-21 00:25:45:2545 [32minfo[39m: [32mTrafficAI: Spatial index initialized[39m
2025-08-21 00:25:45:2545 [32minfo[39m: [32mTrafficAI: Spatial index initialized[39m
2025-08-21 00:25:45:2545 [32minfo[39m: [32mTrafficAI: Spatial index initialized[39m
2025-08-21 00:25:45:2545 [32minfo[39m: [32mEnhanced Route Optimization Service initialized with advanced DSA algorithms[39m
2025-08-21 00:25:45:2545 [32minfo[39m: [32mRoute Optimization Service initialized[39m
2025-08-21 00:25:45:2545 [33mwarn[39m: [33mTensorFlow.js model not found, will use Python subprocess for inference[39m
2025-08-21 00:25:45:2545 [31merror[39m: [31mFailed to load fallback data: ENOENT: no such file or directory, open '/Users/mullamabusubhani/Downloads/Sateesh proj/Traffic-Prediction-project/Backend/data/fallback_predictions.json'[39m
2025-08-21 00:25:45:2545 [33mwarn[39m: [33mOpenWeatherMap API key not set. Weather data will be simulated.[39m
2025-08-21 00:25:45:2545 [33mwarn[39m: [33mENCRYPTION_KEY not set in environment variables. Using generated key.[39m
2025-08-21 00:25:45:2545 [33mwarn[39m: [33mJWT_SECRET not set in environment variables. Using generated key.[39m
2025-08-21 00:25:45:2545 [32minfo[39m: [32mInitializing ML models...[39m
2025-08-21 00:25:45:2545 [32minfo[39m: [32mDevelopment mode: Models would be loaded in production[39m
2025-08-21 00:25:45:2545 [32minfo[39m: [32mML models initialized successfully[39m
2025-08-21 00:55:59:5559 [32minfo[39m: [32mTrafficAI: Spatial index initialized[39m
2025-08-21 00:55:59:5559 [32minfo[39m: [32mTrafficAI: Spatial index initialized[39m
2025-08-21 00:55:59:5559 [32minfo[39m: [32mTrafficAI: Spatial index initialized[39m
2025-08-21 00:55:59:5559 [32minfo[39m: [32mPrediction models initialized[39m
2025-08-21 00:55:59:5559 [32minfo[39m: [32mReal-time prediction updates started[39m
2025-08-21 00:55:59:5559 [32minfo[39m: [32mEnhanced Traffic Prediction Service initialized with advanced algorithms[39m
2025-08-21 00:56:00:560 [33mwarn[39m: [33mTensorFlow.js model not found, will use Python subprocess for inference[39m
2025-08-21 00:56:00:560 [31merror[39m: [31mFailed to load fallback data: ENOENT: no such file or directory, open '/Users/mullamabusubhani/Downloads/Sateesh proj/Traffic-Prediction-project/Backend/data/fallback_predictions.json'[39m
2025-08-21 00:56:00:560 [33mwarn[39m: [33mOpenWeatherMap API key not set. Weather data will be simulated.[39m
2025-08-21 00:56:00:560 [32minfo[39m: [32mTrafficAI: Route graph initialized with 7 nodes and 14 edges[39m
2025-08-21 00:56:00:560 [32minfo[39m: [32mTrafficAI: Spatial index initialized[39m
2025-08-21 00:56:00:560 [32minfo[39m: [32mTrafficAI: Spatial index initialized[39m
2025-08-21 00:56:00:560 [32minfo[39m: [32mTrafficAI: Spatial index initialized[39m
2025-08-21 00:56:00:560 [32minfo[39m: [32mEnhanced Route Optimization Service initialized with advanced DSA algorithms[39m
2025-08-21 00:56:00:560 [32minfo[39m: [32mRoute Optimization Service initialized[39m
2025-08-21 00:56:00:560 [33mwarn[39m: [33mTensorFlow.js model not found, will use Python subprocess for inference[39m
2025-08-21 00:56:00:560 [31merror[39m: [31mFailed to load fallback data: ENOENT: no such file or directory, open '/Users/mullamabusubhani/Downloads/Sateesh proj/Traffic-Prediction-project/Backend/data/fallback_predictions.json'[39m
2025-08-21 00:56:00:560 [33mwarn[39m: [33mOpenWeatherMap API key not set. Weather data will be simulated.[39m
2025-08-21 00:56:00:560 [33mwarn[39m: [33mENCRYPTION_KEY not set in environment variables. Using generated key.[39m
2025-08-21 00:56:00:560 [33mwarn[39m: [33mJWT_SECRET not set in environment variables. Using generated key.[39m
2025-08-21 00:56:00:560 [32minfo[39m: [32mInitializing ML models...[39m
2025-08-21 00:56:00:560 [32minfo[39m: [32mDevelopment mode: Models would be loaded in production[39m
2025-08-21 00:56:00:560 [32minfo[39m: [32mML models initialized successfully[39m
2025-08-21 00:56:06:566 [32minfo[39m: [32mTrafficAI: Spatial index initialized[39m
2025-08-21 00:56:06:566 [32minfo[39m: [32mTrafficAI: Spatial index initialized[39m
2025-08-21 00:56:06:566 [32minfo[39m: [32mTrafficAI: Spatial index initialized[39m
2025-08-21 00:56:06:566 [32minfo[39m: [32mPrediction models initialized[39m
2025-08-21 00:56:06:566 [32minfo[39m: [32mReal-time prediction updates started[39m
2025-08-21 00:56:06:566 [32minfo[39m: [32mEnhanced Traffic Prediction Service initialized with advanced algorithms[39m
2025-08-21 00:56:06:566 [33mwarn[39m: [33mTensorFlow.js model not found, will use Python subprocess for inference[39m
2025-08-21 00:56:06:566 [31merror[39m: [31mFailed to load fallback data: ENOENT: no such file or directory, open '/Users/mullamabusubhani/Downloads/Sateesh proj/Traffic-Prediction-project/Backend/data/fallback_predictions.json'[39m
2025-08-21 00:56:06:566 [33mwarn[39m: [33mOpenWeatherMap API key not set. Weather data will be simulated.[39m
2025-08-21 00:56:06:566 [32minfo[39m: [32mTrafficAI: Route graph initialized with 7 nodes and 14 edges[39m
2025-08-21 00:56:06:566 [32minfo[39m: [32mTrafficAI: Spatial index initialized[39m
2025-08-21 00:56:06:566 [32minfo[39m: [32mTrafficAI: Spatial index initialized[39m
2025-08-21 00:56:06:566 [32minfo[39m: [32mTrafficAI: Spatial index initialized[39m
2025-08-21 00:56:06:566 [32minfo[39m: [32mEnhanced Route Optimization Service initialized with advanced DSA algorithms[39m
2025-08-21 00:56:06:566 [32minfo[39m: [32mRoute Optimization Service initialized[39m
2025-08-21 00:56:06:566 [33mwarn[39m: [33mTensorFlow.js model not found, will use Python subprocess for inference[39m
2025-08-21 00:56:06:566 [31merror[39m: [31mFailed to load fallback data: ENOENT: no such file or directory, open '/Users/mullamabusubhani/Downloads/Sateesh proj/Traffic-Prediction-project/Backend/data/fallback_predictions.json'[39m
2025-08-21 00:56:06:566 [33mwarn[39m: [33mOpenWeatherMap API key not set. Weather data will be simulated.[39m
2025-08-21 00:56:06:566 [33mwarn[39m: [33mENCRYPTION_KEY not set in environment variables. Using generated key.[39m
2025-08-21 00:56:06:566 [33mwarn[39m: [33mJWT_SECRET not set in environment variables. Using generated key.[39m
2025-08-21 00:56:06:566 [32minfo[39m: [32mInitializing ML models...[39m
2025-08-21 00:56:06:566 [32minfo[39m: [32mDevelopment mode: Models would be loaded in production[39m
2025-08-21 00:56:06:566 [32minfo[39m: [32mML models initialized successfully[39m
2025-08-21 00:56:17:5617 [32minfo[39m: [32mTrafficAI: Spatial index initialized[39m
2025-08-21 00:56:17:5617 [32minfo[39m: [32mTrafficAI: Spatial index initialized[39m
2025-08-21 00:56:17:5617 [32minfo[39m: [32mTrafficAI: Spatial index initialized[39m
2025-08-21 00:56:17:5617 [32minfo[39m: [32mPrediction models initialized[39m
2025-08-21 00:56:17:5617 [32minfo[39m: [32mReal-time prediction updates started[39m
2025-08-21 00:56:17:5617 [32minfo[39m: [32mEnhanced Traffic Prediction Service initialized with advanced algorithms[39m
2025-08-21 00:56:17:5617 [33mwarn[39m: [33mTensorFlow.js model not found, will use Python subprocess for inference[39m
2025-08-21 00:56:17:5617 [31merror[39m: [31mFailed to load fallback data: ENOENT: no such file or directory, open '/Users/mullamabusubhani/Downloads/Sateesh proj/Traffic-Prediction-project/Backend/data/fallback_predictions.json'[39m
2025-08-21 00:56:17:5617 [33mwarn[39m: [33mOpenWeatherMap API key not set. Weather data will be simulated.[39m
2025-08-21 00:56:18:5618 [32minfo[39m: [32mTrafficAI: Route graph initialized with 7 nodes and 14 edges[39m
2025-08-21 00:56:18:5618 [32minfo[39m: [32mTrafficAI: Spatial index initialized[39m
2025-08-21 00:56:18:5618 [32minfo[39m: [32mTrafficAI: Spatial index initialized[39m
2025-08-21 00:56:18:5618 [32minfo[39m: [32mTrafficAI: Spatial index initialized[39m
2025-08-21 00:56:18:5618 [32minfo[39m: [32mEnhanced Route Optimization Service initialized with advanced DSA algorithms[39m
2025-08-21 00:56:18:5618 [32minfo[39m: [32mRoute Optimization Service initialized[39m
2025-08-21 00:56:18:5618 [33mwarn[39m: [33mTensorFlow.js model not found, will use Python subprocess for inference[39m
2025-08-21 00:56:18:5618 [31merror[39m: [31mFailed to load fallback data: ENOENT: no such file or directory, open '/Users/mullamabusubhani/Downloads/Sateesh proj/Traffic-Prediction-project/Backend/data/fallback_predictions.json'[39m
2025-08-21 00:56:18:5618 [33mwarn[39m: [33mOpenWeatherMap API key not set. Weather data will be simulated.[39m
2025-08-21 00:56:18:5618 [33mwarn[39m: [33mENCRYPTION_KEY not set in environment variables. Using generated key.[39m
2025-08-21 00:56:18:5618 [33mwarn[39m: [33mJWT_SECRET not set in environment variables. Using generated key.[39m
2025-08-21 00:56:18:5618 [32minfo[39m: [32mInitializing ML models...[39m
2025-08-21 00:56:18:5618 [32minfo[39m: [32mDevelopment mode: Models would be loaded in production[39m
2025-08-21 00:56:18:5618 [32minfo[39m: [32mML models initialized successfully[39m
2025-08-22 02:17:45:1745 [32minfo[39m: [32mTrafficAI: Spatial index initialized[39m
2025-08-22 02:17:45:1745 [32minfo[39m: [32mTrafficAI: Spatial index initialized[39m
2025-08-22 02:17:45:1745 [32minfo[39m: [32mTrafficAI: Spatial index initialized[39m
2025-08-22 02:17:45:1745 [32minfo[39m: [32mPrediction models initialized[39m
2025-08-22 02:17:45:1745 [32minfo[39m: [32mReal-time prediction updates started[39m
2025-08-22 02:17:45:1745 [32minfo[39m: [32mEnhanced Traffic Prediction Service initialized with advanced algorithms[39m
2025-08-22 02:17:45:1745 [33mwarn[39m: [33mTensorFlow.js model not found, will use Python subprocess for inference[39m
2025-08-22 02:17:45:1745 [31merror[39m: [31mFailed to load fallback data: ENOENT: no such file or directory, open '/Users/mullamabusubhani/Downloads/Sateesh proj/Traffic-Prediction-project/Backend/data/fallback_predictions.json'[39m
2025-08-22 02:17:45:1745 [33mwarn[39m: [33mOpenWeatherMap API key not set. Weather data will be simulated.[39m
2025-08-22 02:17:45:1745 [32minfo[39m: [32mTrafficAI: Route graph initialized with 7 nodes and 14 edges[39m
2025-08-22 02:17:45:1745 [32minfo[39m: [32mTrafficAI: Spatial index initialized[39m
2025-08-22 02:17:45:1745 [32minfo[39m: [32mTrafficAI: Spatial index initialized[39m
2025-08-22 02:17:45:1745 [32minfo[39m: [32mTrafficAI: Spatial index initialized[39m
2025-08-22 02:17:45:1745 [32minfo[39m: [32mEnhanced Route Optimization Service initialized with advanced DSA algorithms[39m
2025-08-22 02:17:45:1745 [32minfo[39m: [32mRoute Optimization Service initialized[39m
2025-08-22 02:17:45:1745 [33mwarn[39m: [33mTensorFlow.js model not found, will use Python subprocess for inference[39m
2025-08-22 02:17:45:1745 [31merror[39m: [31mFailed to load fallback data: ENOENT: no such file or directory, open '/Users/mullamabusubhani/Downloads/Sateesh proj/Traffic-Prediction-project/Backend/data/fallback_predictions.json'[39m
2025-08-22 02:17:45:1745 [33mwarn[39m: [33mOpenWeatherMap API key not set. Weather data will be simulated.[39m
2025-08-22 02:17:45:1745 [33mwarn[39m: [33mENCRYPTION_KEY not set in environment variables. Using generated key.[39m
2025-08-22 02:17:45:1745 [33mwarn[39m: [33mJWT_SECRET not set in environment variables. Using generated key.[39m
2025-08-22 02:17:45:1745 [32minfo[39m: [32mInitializing ML models...[39m
2025-08-22 02:17:45:1745 [32minfo[39m: [32mDevelopment mode: Models would be loaded in production[39m
2025-08-22 02:17:45:1745 [32minfo[39m: [32mML models initialized successfully[39m
2025-08-22 02:19:57:1957 [32minfo[39m: [32mTrafficAI: Spatial index initialized[39m
2025-08-22 02:19:57:1957 [32minfo[39m: [32mTrafficAI: Spatial index initialized[39m
2025-08-22 02:19:57:1957 [32minfo[39m: [32mTrafficAI: Spatial index initialized[39m
2025-08-22 02:19:57:1957 [32minfo[39m: [32mPrediction models initialized[39m
2025-08-22 02:19:57:1957 [32minfo[39m: [32mReal-time prediction updates started[39m
2025-08-22 02:19:57:1957 [32minfo[39m: [32mEnhanced Traffic Prediction Service initialized with advanced algorithms[39m
2025-08-22 02:19:57:1957 [33mwarn[39m: [33mTensorFlow.js model not found, will use Python subprocess for inference[39m
2025-08-22 02:19:57:1957 [31merror[39m: [31mFailed to load fallback data: ENOENT: no such file or directory, open '/Users/mullamabusubhani/Downloads/Sateesh proj/Traffic-Prediction-project/Backend/data/fallback_predictions.json'[39m
2025-08-22 02:19:57:1957 [33mwarn[39m: [33mOpenWeatherMap API key not set. Weather data will be simulated.[39m
2025-08-22 02:19:57:1957 [32minfo[39m: [32mTrafficAI: Route graph initialized with 7 nodes and 14 edges[39m
2025-08-22 02:19:57:1957 [32minfo[39m: [32mTrafficAI: Spatial index initialized[39m
2025-08-22 02:19:57:1957 [32minfo[39m: [32mTrafficAI: Spatial index initialized[39m
2025-08-22 02:19:57:1957 [32minfo[39m: [32mTrafficAI: Spatial index initialized[39m
2025-08-22 02:19:57:1957 [32minfo[39m: [32mEnhanced Route Optimization Service initialized with advanced DSA algorithms[39m
2025-08-22 02:19:57:1957 [32minfo[39m: [32mRoute Optimization Service initialized[39m
2025-08-22 02:19:57:1957 [33mwarn[39m: [33mTensorFlow.js model not found, will use Python subprocess for inference[39m
2025-08-22 02:19:57:1957 [31merror[39m: [31mFailed to load fallback data: ENOENT: no such file or directory, open '/Users/mullamabusubhani/Downloads/Sateesh proj/Traffic-Prediction-project/Backend/data/fallback_predictions.json'[39m
2025-08-22 02:19:57:1957 [33mwarn[39m: [33mOpenWeatherMap API key not set. Weather data will be simulated.[39m
2025-08-22 02:19:57:1957 [33mwarn[39m: [33mENCRYPTION_KEY not set in environment variables. Using generated key.[39m
2025-08-22 02:19:57:1957 [33mwarn[39m: [33mJWT_SECRET not set in environment variables. Using generated key.[39m
2025-08-22 02:19:57:1957 [32minfo[39m: [32mInitializing ML models...[39m
2025-08-22 02:19:57:1957 [32minfo[39m: [32mDevelopment mode: Models would be loaded in production[39m
2025-08-22 02:19:57:1957 [32minfo[39m: [32mML models initialized successfully[39m
2025-08-22 02:24:28:2428 [32minfo[39m: [32mTrafficAI: Spatial index initialized[39m
2025-08-22 02:24:28:2428 [32minfo[39m: [32mTrafficAI: Spatial index initialized[39m
2025-08-22 02:24:28:2428 [32minfo[39m: [32mTrafficAI: Spatial index initialized[39m
2025-08-22 02:24:28:2428 [32minfo[39m: [32mPrediction models initialized[39m
2025-08-22 02:24:28:2428 [32minfo[39m: [32mReal-time prediction updates started[39m
2025-08-22 02:24:28:2428 [32minfo[39m: [32mEnhanced Traffic Prediction Service initialized with advanced algorithms[39m
2025-08-22 02:24:28:2428 [33mwarn[39m: [33mTensorFlow.js model not found, will use Python subprocess for inference[39m
2025-08-22 02:24:28:2428 [31merror[39m: [31mFailed to load fallback data: ENOENT: no such file or directory, open '/Users/mullamabusubhani/Downloads/Sateesh proj/Traffic-Prediction-project/Backend/data/fallback_predictions.json'[39m
2025-08-22 02:24:28:2428 [33mwarn[39m: [33mOpenWeatherMap API key not set. Weather data will be simulated.[39m
2025-08-22 02:24:28:2428 [32minfo[39m: [32mTrafficAI: Route graph initialized with 7 nodes and 14 edges[39m
2025-08-22 02:24:28:2428 [32minfo[39m: [32mTrafficAI: Spatial index initialized[39m
2025-08-22 02:24:28:2428 [32minfo[39m: [32mTrafficAI: Spatial index initialized[39m
2025-08-22 02:24:28:2428 [32minfo[39m: [32mTrafficAI: Spatial index initialized[39m
2025-08-22 02:24:28:2428 [32minfo[39m: [32mEnhanced Route Optimization Service initialized with advanced DSA algorithms[39m
2025-08-22 02:24:28:2428 [32minfo[39m: [32mRoute Optimization Service initialized[39m
2025-08-22 02:24:28:2428 [33mwarn[39m: [33mTensorFlow.js model not found, will use Python subprocess for inference[39m
2025-08-22 02:24:28:2428 [31merror[39m: [31mFailed to load fallback data: ENOENT: no such file or directory, open '/Users/mullamabusubhani/Downloads/Sateesh proj/Traffic-Prediction-project/Backend/data/fallback_predictions.json'[39m
2025-08-22 02:24:28:2428 [33mwarn[39m: [33mOpenWeatherMap API key not set. Weather data will be simulated.[39m
2025-08-22 02:24:28:2428 [33mwarn[39m: [33mSMS API key not set. SMS notifications will be simulated.[39m
2025-08-22 02:24:28:2428 [33mwarn[39m: [33mOpenWeatherMap API key not set. Weather data will be simulated.[39m
2025-08-22 02:24:28:2428 [33mwarn[39m: [33mENCRYPTION_KEY not set in environment variables. Using generated key.[39m
2025-08-22 02:24:28:2428 [33mwarn[39m: [33mJWT_SECRET not set in environment variables. Using generated key.[39m
2025-08-22 02:24:28:2428 [32minfo[39m: [32mInitializing ML models...[39m
2025-08-22 02:24:28:2428 [32minfo[39m: [32mDevelopment mode: Models would be loaded in production[39m
2025-08-22 02:24:28:2428 [32minfo[39m: [32mML models initialized successfully[39m
2025-08-22 02:24:47:2447 [32minfo[39m: [32mRetrieved prediction history[39m
2025-08-22 02:24:47:2447 [32minfo[39m: [32mRetrieved prediction stats[39m
2025-08-22 02:24:47:2447 [32minfo[39m: [32mRetrieved prediction stats[39m
2025-08-22 02:24:47:2447 [32minfo[39m: [32mRetrieved prediction history[39m
2025-08-22 02:24:52:2452 [32minfo[39m: [32mReceived prediction request[39m
2025-08-22 02:24:52:2452 [32minfo[39m: [32mIncident prediction request received[39m
2025-08-22 02:24:52:2452 [32minfo[39m: [32mStarting incident prediction[39m
2025-08-22 02:24:52:2452 [32minfo[39m: [32mIncident prediction completed[39m
2025-08-22 02:24:52:2452 [32minfo[39m: [32mIncident prediction completed[39m
2025-08-22 02:24:52:2452 [32minfo[39m: [32mRetrieved prediction history[39m
2025-08-22 02:24:52:2452 [32minfo[39m: [32mRetrieved prediction stats[39m
2025-08-22 02:24:53:2453 [32minfo[39m: [32mSMS alert request received[39m
2025-08-22 02:24:53:2453 [32minfo[39m: [32mSending incident SMS alert[39m
2025-08-22 02:24:53:2453 [32minfo[39m: [32mSimulating SMS send ⚡ MEDIUM RISK ALERT: Incident Alert - Severity: 2,...[39m
2025-08-22 02:24:53:2453 [32minfo[39m: [32mSMS alert sent successfully[39m
2025-08-22 02:24:53:2453 [32minfo[39m: [32mSMS alert processed[39m
2025-08-22 02:25:15:2515 [32minfo[39m: [32mReceived prediction request[39m
2025-08-22 02:25:15:2515 [32minfo[39m: [32mIncident prediction request received[39m
2025-08-22 02:25:15:2515 [32minfo[39m: [32mStarting incident prediction[39m
2025-08-22 02:25:15:2515 [32minfo[39m: [32mIncident prediction completed[39m
2025-08-22 02:25:15:2515 [32minfo[39m: [32mIncident prediction completed[39m
2025-08-22 02:25:15:2515 [32minfo[39m: [32mRetrieved prediction history[39m
2025-08-22 02:25:15:2515 [32minfo[39m: [32mRetrieved prediction stats[39m
2025-08-22 02:25:15:2515 [32minfo[39m: [32mSMS alert request received[39m
2025-08-22 02:25:15:2515 [32minfo[39m: [32mSending incident SMS alert[39m
2025-08-22 02:25:15:2515 [32minfo[39m: [32mSimulating SMS send ⚡ MEDIUM RISK ALERT: Incident Alert - Severity: 2,...[39m
2025-08-22 02:25:15:2515 [32minfo[39m: [32mSMS alert sent successfully[39m
2025-08-22 02:25:15:2515 [32minfo[39m: [32mSMS alert processed[39m
2025-08-22 02:25:33:2533 [32minfo[39m: [32mReceived prediction request[39m
2025-08-22 02:25:33:2533 [32minfo[39m: [32mIncident prediction request received[39m
2025-08-22 02:25:33:2533 [32minfo[39m: [32mStarting incident prediction[39m
2025-08-22 02:25:33:2533 [32minfo[39m: [32mIncident prediction completed[39m
2025-08-22 02:25:33:2533 [32minfo[39m: [32mIncident prediction completed[39m
2025-08-22 02:25:33:2533 [32minfo[39m: [32mRetrieved prediction history[39m
2025-08-22 02:25:33:2533 [32minfo[39m: [32mRetrieved prediction stats[39m
2025-08-22 02:25:33:2533 [32minfo[39m: [32mSMS alert request received[39m
2025-08-22 02:25:33:2533 [32minfo[39m: [32mSending incident SMS alert[39m
2025-08-22 02:25:33:2533 [32minfo[39m: [32mSimulating SMS send ⚡ MEDIUM RISK ALERT: Incident Alert - Severity: 2,...[39m
2025-08-22 02:25:33:2533 [32minfo[39m: [32mSMS alert sent successfully[39m
2025-08-22 02:25:33:2533 [32minfo[39m: [32mSMS alert processed[39m
2025-08-22 02:44:19:4419 [32minfo[39m: [32mTrafficAI: Spatial index initialized[39m
2025-08-22 02:44:19:4419 [32minfo[39m: [32mTrafficAI: Spatial index initialized[39m
2025-08-22 02:44:19:4419 [32minfo[39m: [32mTrafficAI: Spatial index initialized[39m
2025-08-22 02:44:19:4419 [32minfo[39m: [32mPrediction models initialized[39m
2025-08-22 02:44:19:4419 [32minfo[39m: [32mReal-time prediction updates started[39m
2025-08-22 02:44:19:4419 [32minfo[39m: [32mEnhanced Traffic Prediction Service initialized with advanced algorithms[39m
2025-08-22 02:44:19:4419 [33mwarn[39m: [33mTensorFlow.js model not found, will use Python subprocess for inference[39m
2025-08-22 02:44:19:4419 [31merror[39m: [31mFailed to load fallback data: ENOENT: no such file or directory, open '/Users/mullamabusubhani/Downloads/Sateesh proj/Traffic-Prediction-project/Backend/data/fallback_predictions.json'[39m
2025-08-22 02:44:19:4419 [33mwarn[39m: [33mOpenWeatherMap API key not set. Weather data will be simulated.[39m
2025-08-22 02:44:19:4419 [32minfo[39m: [32mTrafficAI: Route graph initialized with 7 nodes and 14 edges[39m
2025-08-22 02:44:19:4419 [32minfo[39m: [32mTrafficAI: Spatial index initialized[39m
2025-08-22 02:44:19:4419 [32minfo[39m: [32mTrafficAI: Spatial index initialized[39m
2025-08-22 02:44:19:4419 [32minfo[39m: [32mTrafficAI: Spatial index initialized[39m
2025-08-22 02:44:19:4419 [32minfo[39m: [32mEnhanced Route Optimization Service initialized with advanced DSA algorithms[39m
2025-08-22 02:44:19:4419 [32minfo[39m: [32mRoute Optimization Service initialized[39m
2025-08-22 02:44:19:4419 [33mwarn[39m: [33mTensorFlow.js model not found, will use Python subprocess for inference[39m
2025-08-22 02:44:19:4419 [31merror[39m: [31mFailed to load fallback data: ENOENT: no such file or directory, open '/Users/mullamabusubhani/Downloads/Sateesh proj/Traffic-Prediction-project/Backend/data/fallback_predictions.json'[39m
2025-08-22 02:44:19:4419 [33mwarn[39m: [33mOpenWeatherMap API key not set. Weather data will be simulated.[39m
2025-08-22 02:44:19:4419 [33mwarn[39m: [33mSMS API key not set. SMS notifications will be simulated.[39m
2025-08-22 02:44:19:4419 [33mwarn[39m: [33mOpenWeatherMap API key not set. Weather data will be simulated.[39m
2025-08-22 02:44:19:4419 [33mwarn[39m: [33mENCRYPTION_KEY not set in environment variables. Using generated key.[39m
2025-08-22 02:44:19:4419 [33mwarn[39m: [33mJWT_SECRET not set in environment variables. Using generated key.[39m
2025-08-22 02:44:19:4419 [32minfo[39m: [32mInitializing ML models...[39m
2025-08-22 02:44:19:4419 [32minfo[39m: [32mDevelopment mode: Models would be loaded in production[39m
2025-08-22 02:44:19:4419 [32minfo[39m: [32mML models initialized successfully[39m
2025-08-22 02:44:24:4424 [32minfo[39m: [32mRetrieved prediction history[39m
2025-08-22 02:44:24:4424 [32minfo[39m: [32mRetrieved prediction stats[39m
2025-08-22 02:44:24:4424 [32minfo[39m: [32mRetrieved prediction stats[39m
2025-08-22 02:44:24:4424 [32minfo[39m: [32mRetrieved prediction history[39m
2025-08-22 02:44:58:4458 [32minfo[39m: [32mReceived prediction request[39m
2025-08-22 02:44:58:4458 [32minfo[39m: [32mIncident prediction request received[39m
2025-08-22 02:44:58:4458 [32minfo[39m: [32mStarting incident prediction[39m
2025-08-22 02:44:58:4458 [32minfo[39m: [32mIncident prediction completed[39m
2025-08-22 02:44:58:4458 [32minfo[39m: [32mIncident prediction completed[39m
2025-08-22 02:44:58:4458 [32minfo[39m: [32mRetrieved prediction history[39m
2025-08-22 02:44:58:4458 [32minfo[39m: [32mRetrieved prediction stats[39m
2025-08-22 02:44:58:4458 [32minfo[39m: [32mSMS alert request received[39m
2025-08-22 02:44:58:4458 [32minfo[39m: [32mSending incident SMS alert[39m
2025-08-22 02:44:58:4458 [32minfo[39m: [32mSimulating SMS send ⚡ MEDIUM RISK ALERT: Incident Alert - Severity: 2,...[39m
2025-08-22 02:44:58:4458 [32minfo[39m: [32mSMS alert sent successfully[39m
2025-08-22 02:44:58:4458 [32minfo[39m: [32mSMS alert processed[39m
2025-08-22 02:46:32:4632 [32minfo[39m: [32mTrafficAI: Spatial index initialized[39m
2025-08-22 02:46:32:4632 [32minfo[39m: [32mTrafficAI: Spatial index initialized[39m
2025-08-22 02:46:32:4632 [32minfo[39m: [32mTrafficAI: Spatial index initialized[39m
2025-08-22 02:46:32:4632 [32minfo[39m: [32mPrediction models initialized[39m
2025-08-22 02:46:32:4632 [32minfo[39m: [32mReal-time prediction updates started[39m
2025-08-22 02:46:32:4632 [32minfo[39m: [32mEnhanced Traffic Prediction Service initialized with advanced algorithms[39m
2025-08-22 02:46:32:4632 [33mwarn[39m: [33mTensorFlow.js model not found, will use Python subprocess for inference[39m
2025-08-22 02:46:32:4632 [31merror[39m: [31mFailed to load fallback data: ENOENT: no such file or directory, open '/Users/mullamabusubhani/Downloads/Sateesh proj/Traffic-Prediction-project/Backend/data/fallback_predictions.json'[39m
2025-08-22 02:46:32:4632 [33mwarn[39m: [33mOpenWeatherMap API key not set. Weather data will be simulated.[39m
2025-08-22 02:46:33:4633 [32minfo[39m: [32mTrafficAI: Route graph initialized with 7 nodes and 14 edges[39m
2025-08-22 02:46:33:4633 [32minfo[39m: [32mTrafficAI: Spatial index initialized[39m
2025-08-22 02:46:33:4633 [32minfo[39m: [32mTrafficAI: Spatial index initialized[39m
2025-08-22 02:46:33:4633 [32minfo[39m: [32mTrafficAI: Spatial index initialized[39m
2025-08-22 02:46:33:4633 [32minfo[39m: [32mEnhanced Route Optimization Service initialized with advanced DSA algorithms[39m
2025-08-22 02:46:33:4633 [32minfo[39m: [32mRoute Optimization Service initialized[39m
2025-08-22 02:46:33:4633 [33mwarn[39m: [33mTensorFlow.js model not found, will use Python subprocess for inference[39m
2025-08-22 02:46:33:4633 [31merror[39m: [31mFailed to load fallback data: ENOENT: no such file or directory, open '/Users/mullamabusubhani/Downloads/Sateesh proj/Traffic-Prediction-project/Backend/data/fallback_predictions.json'[39m
2025-08-22 02:46:33:4633 [33mwarn[39m: [33mOpenWeatherMap API key not set. Weather data will be simulated.[39m
2025-08-22 02:46:33:4633 [33mwarn[39m: [33mSMS API key not set. SMS notifications will be simulated.[39m
2025-08-22 02:46:33:4633 [33mwarn[39m: [33mOpenWeatherMap API key not set. Weather data will be simulated.[39m
2025-08-22 02:46:33:4633 [33mwarn[39m: [33mENCRYPTION_KEY not set in environment variables. Using generated key.[39m
2025-08-22 02:46:33:4633 [33mwarn[39m: [33mJWT_SECRET not set in environment variables. Using generated key.[39m
2025-08-22 02:46:33:4633 [32minfo[39m: [32mInitializing ML models...[39m
2025-08-22 02:46:33:4633 [32minfo[39m: [32mDevelopment mode: Models would be loaded in production[39m
2025-08-22 02:46:33:4633 [32minfo[39m: [32mML models initialized successfully[39m
2025-08-22 02:48:21:4821 [32minfo[39m: [32mTrafficAI: Spatial index initialized[39m
2025-08-22 02:48:21:4821 [32minfo[39m: [32mTrafficAI: Spatial index initialized[39m
2025-08-22 02:48:21:4821 [32minfo[39m: [32mTrafficAI: Spatial index initialized[39m
2025-08-22 02:48:21:4821 [32minfo[39m: [32mPrediction models initialized[39m
2025-08-22 02:48:21:4821 [32minfo[39m: [32mReal-time prediction updates started[39m
2025-08-22 02:48:21:4821 [32minfo[39m: [32mEnhanced Traffic Prediction Service initialized with advanced algorithms[39m
2025-08-22 02:48:21:4821 [33mwarn[39m: [33mTensorFlow.js model not found, will use Python subprocess for inference[39m
2025-08-22 02:48:21:4821 [31merror[39m: [31mFailed to load fallback data: ENOENT: no such file or directory, open '/Users/mullamabusubhani/Downloads/Sateesh proj/Traffic-Prediction-project/Backend/data/fallback_predictions.json'[39m
2025-08-22 02:48:21:4821 [33mwarn[39m: [33mOpenWeatherMap API key not set. Weather data will be simulated.[39m
2025-08-22 02:48:22:4822 [32minfo[39m: [32mTrafficAI: Route graph initialized with 7 nodes and 14 edges[39m
2025-08-22 02:48:22:4822 [32minfo[39m: [32mTrafficAI: Spatial index initialized[39m
2025-08-22 02:48:22:4822 [32minfo[39m: [32mTrafficAI: Spatial index initialized[39m
2025-08-22 02:48:22:4822 [32minfo[39m: [32mTrafficAI: Spatial index initialized[39m
2025-08-22 02:48:22:4822 [32minfo[39m: [32mEnhanced Route Optimization Service initialized with advanced DSA algorithms[39m
2025-08-22 02:48:22:4822 [32minfo[39m: [32mRoute Optimization Service initialized[39m
2025-08-22 02:48:22:4822 [33mwarn[39m: [33mTensorFlow.js model not found, will use Python subprocess for inference[39m
2025-08-22 02:48:22:4822 [31merror[39m: [31mFailed to load fallback data: ENOENT: no such file or directory, open '/Users/mullamabusubhani/Downloads/Sateesh proj/Traffic-Prediction-project/Backend/data/fallback_predictions.json'[39m
2025-08-22 02:48:22:4822 [33mwarn[39m: [33mOpenWeatherMap API key not set. Weather data will be simulated.[39m
2025-08-22 02:48:22:4822 [33mwarn[39m: [33mSMS API key not set. SMS notifications will be simulated.[39m
2025-08-22 02:48:22:4822 [33mwarn[39m: [33mOpenWeatherMap API key not set. Weather data will be simulated.[39m
2025-08-22 02:48:23:4823 [33mwarn[39m: [33mENCRYPTION_KEY not set in environment variables. Using generated key.[39m
2025-08-22 02:48:23:4823 [33mwarn[39m: [33mJWT_SECRET not set in environment variables. Using generated key.[39m
2025-08-22 02:48:23:4823 [32minfo[39m: [32mInitializing ML models...[39m
2025-08-22 02:48:23:4823 [32minfo[39m: [32mDevelopment mode: Models would be loaded in production[39m
2025-08-22 02:48:23:4823 [32minfo[39m: [32mML models initialized successfully[39m
